<?xml version="1.0" encoding="utf-8"?><testsuites name="pytest tests"><testsuite name="pytest" errors="0" failures="0" skipped="0" tests="0" time="0.013" timestamp="2025-06-26T20:35:10.383826+03:00" hostname="LAPTOP-3RV16R5P" /></testsuites>